// Jest Snapshot v1, https://goo.gl/fbAQLP

exports[`WithdrawFromATfsa Component matches the snapshot 1`] = `
<div
  className="page-content"
>
  <div
    style={
      Object {
        "backgroundColor": "#F2F3F2",
        "padding": 10,
      }
    }
  >
    <p
      style={
        Object {
          "marginBottom": 0,
          "textAlign": "center",
        }
      }
    >
      Withdraw from a TFSA
    </p>
  </div>
  <div
    style={
      Object {
        "backgroundColor": "#FAF0F3",
        "padding": 10,
      }
    }
  >
    <div
      className="d-flex justify-content-between"
    >
      <p
        className="d-flex"
        style={
          Object {
            "fontSize": 14,
            "marginBottom": 0,
          }
        }
      >
        <div
          style={
            Object {
              "border": "1px dotted grey",
              "height": 25,
              "marginRight": 10,
              "textAlign": "center",
              "width": 20,
            }
          }
        >
          P
        </div>
        You don't have an account that allows you to complete this request.
      </p>
      <p>
        {
        Result #0328
        }
      </p>
    </div>
  </div>
  <div
    style={
      Object {
        "backgroundColor": "#DEE9F7",
        "padding": 10,
      }
    }
  >
    <p
      className="d-flex"
      style={
        Object {
          "fontSize": 14,
          "marginBottom": 0,
        }
      }
    >
      <div
        style={
          Object {
            "border": "1px dotted grey",
            "height": 25,
            "marginRight": 10,
            "textAlign": "center",
            "width": 20,
          }
        }
      >
        P
      </div>
      <ul>
        <li>
          Important Information for Regular Investment Plans(RIP): RIP funds take 5 business days to clear after your date of deposit. Once cleared, you can withdraw the RIP amount.
          <p>
            For example, your monthly RIP of $1,000 is deposited for a total TFSA balance of $10,000. Until the $1,000 clears on the 5th business day, ZippyX will only process a withdrawal of up to $9,000.
          </p>
        </li>
        <li>
          All fields are required unless stated as optional.
        </li>
      </ul>
    </p>
  </div>
  <div
    className="mt-4 row"
  >
    <div
      className="bg-light p-3 col-md-12"
      style={
        Object {
          "fontWeight": 500,
        }
      }
    >
      <span
        style={
          Object {
            "color": "rgb(220, 53, 69)",
            "marginRight": 5,
          }
        }
      >
        +
      </span>
      <span>
        Before you begin
      </span>
    </div>
  </div>
  <div
    className="mt-3 row"
  >
    <div
      className="col-md-6"
    >
      <label
        className="form-label"
      >
        From
      </label>
      <select
        className="form-select"
      >
        <option>
           
        </option>
      </select>
    </div>
    <div
      className="col-md-6"
    >
      <label
        className="form-label"
      >
        To
      </label>
      <select
        className="form-select"
      >
        <option>
          - Choose an account -
        </option>
      </select>
    </div>
  </div>
  <div
    className="mt-3 row"
  >
    <div
      className="col-md-6"
    >
      <label
        className="form-label"
      >
        Amount
      </label>
      <div
        className="mb-3 input-group"
      >
        <span
          className="input-group-text"
          id="basic-addon1"
        >
          $
        </span>
        <input
          aria-describedby="basic-addon1"
          aria-label="Amount"
          className="form-control"
          placeholder="Amount"
        />
      </div>
    </div>
    <div
      className="col-md-6"
    >
      <label
        className="form-label"
      >
        Date of transfer
      </label>
      <div
        className="row"
      >
        <div
          className="col-auto"
        >
          <select
            className="form-select"
          >
            <option>
              Month
            </option>
          </select>
        </div>
        <div
          className="col-auto"
        >
          <select
            className="form-select"
          >
            <option>
              Day
            </option>
          </select>
        </div>
        <div
          className="col-auto"
        >
          <select
            className="form-select"
          >
            <option>
              Year
            </option>
          </select>
        </div>
      </div>
    </div>
  </div>
  <div
    className="mt-3 row"
  >
    <div
      className="col-md-6"
    >
      <label
        className="form-label"
        htmlFor="email"
      >
        Email
      </label>
      <input
        aria-describedby="email"
        className="form-control"
        id="email"
      />
      <div
        className="form-check"
      >
        <input
          className="form-check-input"
          disabled={false}
          type="checkbox"
        />
        <label
          className="form-check-label"
          title=""
        >
          Send status updates to this email address
        </label>
      </div>
    </div>
  </div>
  <div
    className="mt-4 pt-3 row"
    style={
      Object {
        "borderTop": "1px solid #e7e7e7",
      }
    }
  >
    <div
      className="col"
    >
      <button
        className="d-flex btn btn-light"
        disabled={false}
        type="button"
      >
        <div
          style={
            Object {
              "border": "1px dotted grey",
              "height": 25,
              "marginRight": 10,
              "textAlign": "center",
              "width": 20,
            }
          }
        >
          P
        </div>
        Cancel
      </button>
    </div>
    <div
      className="d-flex justify-content-end col"
    >
      <button
        className="zippy-btn d-flex btn btn-primary"
        disabled={false}
        type="button"
      >
        Next
      </button>
    </div>
  </div>
</div>
`;
