// Jest Snapshot v1, https://goo.gl/fbAQLP

exports[`RequestDetail Component should render RequestDetail 1`] = `
<div>
  <div>
    <div
      class="row"
    >
      <div
        class="col"
      >
        <h4
          class="mt-4"
        >
          Request Money Details
        </h4>
      </div>
    </div>
    <div
      class="align-items-center mt-4 row"
    >
      <div
        class="col-3"
      >
        Request Money From:
      </div>
      <div
        class="col-6"
      >
        <select
          class="form-select"
        >
          <option
            value=""
          >
            Select
          </option>
          <option
            value="1"
          >
            Jon Doe
          </option>
          <option
            value="2"
          >
            Abram Acotas
          </option>
          <option
            value="3"
          >
            Ragnar Hagan
          </option>
          <option
            value="4"
          >
            Bob Mathew
          </option>
          <option
            value="5"
          >
            Rafi Doe
          </option>
        </select>
      </div>
    </div>
    <div
      class="border-top my-3"
    />
    <div
      class="align-items-center row"
    >
      <div
        class="col-3"
      >
        Request Amount:
      </div>
      <div
        class="col-6"
      >
        <input
          class="form-control"
          placeholder="$"
          step=".01"
          type="number"
          value="0"
        />
      </div>
    </div>
    <div
      class="align-items-center mt-2 row"
    >
      <div
        class="col-3"
      />
      <div
        class="col-9"
      >
        You can request up to $10,000
        <br />
        Financial institutions may have different limits for using
         
        <i>
          Interac
        </i>
         
        e-Transfer. Confirm with your contact that they can send you the amount you're requesting.
      </div>
    </div>
    <div
      class="border-top my-3"
    />
    <div
      class="align-items-center row"
    >
      <div
        class="col-3"
      >
        Deposit To:
      </div>
      <div
        class="col-9"
      >
        <select
          class="form-select"
        >
          <option>
            Select
          </option>
          <option
            value="1"
          >
            392 Jones (8000 001 000000000)
          </option>
          <option
            value="2"
          >
            Auto Island Inc (8000 001 000000000)
          </option>
          <option
            value="3"
          >
            BITVO (8000 001 000000000)
          </option>
          <option
            value="4"
          >
            BITVO.COM (8000 001 000000000)
          </option>
          <option
            value="5"
          >
            Chelsea Tough (8000 001 000000000)
          </option>
          <option
            value="6"
          >
            Christian (8000 001 000000000)
          </option>
          <option
            value="7"
          >
            DnF (8000 001 000000000)
          </option>
          <option
            value="8"
          >
            DUANE TOUGH (8000 001 000000000)
          </option>
          <option
            value="9"
          >
            Gigadat (8000 001 000000000)
          </option>
          <option
            value="10"
          >
            J Grundy (8000 001 000000000)
          </option>
          <option
            value="11"
          >
            JJJ (8000 001 000000000)
          </option>
          <option
            value="12"
          >
            Jon English (8000 001 000000000)
          </option>
        </select>
      </div>
    </div>
    <div
      class="align-items-center mt-2 row"
    >
      <div
        class="col-3"
      />
      <div
        class="col-9"
      >
        If your request is fulfilled, the money will be deposited automatically to your chosen account.
      </div>
    </div>
    <div
      class="border-top my-3"
    />
    <div
      class="align-items-center row"
    >
      <div
        class="col-3"
      >
        Invoice Due Date (Optional):
      </div>
      <div
        class="col-9"
      >
        <div
          class="row"
        >
          <div
            class="col-auto"
          >
            <select
              class="form-select"
            >
              <option
                value="1"
              >
                1
              </option>
              <option
                value="2"
              >
                2
              </option>
              <option
                value="3"
              >
                3
              </option>
              <option
                value="4"
              >
                4
              </option>
              <option
                value="5"
              >
                5
              </option>
              <option
                value="6"
              >
                6
              </option>
              <option
                value="7"
              >
                7
              </option>
              <option
                value="8"
              >
                8
              </option>
              <option
                value="9"
              >
                9
              </option>
              <option
                value="10"
              >
                10
              </option>
              <option
                value="11"
              >
                11
              </option>
              <option
                value="12"
              >
                12
              </option>
            </select>
          </div>
          <div
            class="col-auto"
          >
            <select
              class="form-select"
            >
              <option
                value="1"
              >
                1
              </option>
              <option
                value="2"
              >
                2
              </option>
              <option
                value="3"
              >
                3
              </option>
              <option
                value="4"
              >
                4
              </option>
              <option
                value="5"
              >
                5
              </option>
              <option
                value="6"
              >
                6
              </option>
              <option
                value="7"
              >
                7
              </option>
              <option
                value="8"
              >
                8
              </option>
              <option
                value="9"
              >
                9
              </option>
              <option
                value="10"
              >
                10
              </option>
              <option
                value="11"
              >
                11
              </option>
              <option
                value="12"
              >
                12
              </option>
              <option
                value="13"
              >
                13
              </option>
              <option
                value="14"
              >
                14
              </option>
              <option
                value="15"
              >
                15
              </option>
              <option
                value="16"
              >
                16
              </option>
              <option
                value="17"
              >
                17
              </option>
              <option
                value="18"
              >
                18
              </option>
              <option
                value="19"
              >
                19
              </option>
              <option
                value="20"
              >
                20
              </option>
              <option
                value="21"
              >
                21
              </option>
              <option
                value="22"
              >
                22
              </option>
              <option
                value="23"
              >
                23
              </option>
              <option
                value="24"
              >
                24
              </option>
              <option
                value="25"
              >
                25
              </option>
              <option
                value="26"
              >
                26
              </option>
              <option
                value="27"
              >
                27
              </option>
              <option
                value="28"
              >
                28
              </option>
              <option
                value="29"
              >
                29
              </option>
              <option
                value="30"
              >
                30
              </option>
              <option
                value="31"
              >
                31
              </option>
            </select>
          </div>
          <div
            class="col-auto"
          >
            <select
              class="form-select"
            >
              <option
                value="2022"
              >
                2022
              </option>
              <option
                value="2023"
              >
                2023
              </option>
              <option
                value="2024"
              >
                2024
              </option>
              <option
                value="2025"
              >
                2025
              </option>
              <option
                value="2026"
              >
                2026
              </option>
            </select>
          </div>
        </div>
      </div>
    </div>
    <div
      class="border-top my-3"
    />
    <div
      class="align-items-center row"
    >
      <div
        class="col-3"
      >
        Invoice Number (Optional):
      </div>
      <div
        class="col-9"
      >
        <input
          class="form-control"
          type="number"
        />
      </div>
    </div>
    <div
      class="border-top my-3"
    />
    <div
      class="align-items-center row"
    >
      <div
        class="col-3"
      >
        Message Or Reason For Request (Optional):
      </div>
      <div
        class="col-9"
      >
        <textarea
          class="form-control"
        />
      </div>
    </div>
    <div
      class="border-top my-3"
    />
    <div
      class="align-items-center row"
    >
      <div
        class="col"
      >
        This is how you will appear in all emails to your
         
        <i>
          Interac
        </i>
         
        e-Transfer contacts. If incorrect,
         
        <a
          class="sc-bdvvtL bFOhwT"
          href="/interac-etransfer/edit-my-profile"
        >
          edit your profile
        </a>
        .
      </div>
    </div>
    <div
      class="align-items-center mt-4 row"
    >
      <div
        class="col-3"
      >
        Your Email Nickname:
      </div>
      <div
        class="col-6"
      />
    </div>
    <div
      class="border-top my-3"
    />
    <div
      class="align-items-center row"
    >
      <div
        class="col-3"
      >
        Your Email Address:
      </div>
      <div
        class="col-6"
      />
    </div>
    <div
      class="align-items-center mt-4 row"
    >
      <div
        class="col"
      >
        <div
          class="px-4 py-2"
          style="background-color: rgb(96, 99, 102); color: rgb(255, 255, 255);"
        >
          <div
            class="form-check"
          >
            <input
              class="form-check-input"
              id="confirm"
              type="checkbox"
            />
            <label
              class="form-check-label"
              for="confirm"
              title=""
            >
              I confirm that I have an existing relationship with this contact.
            </label>
          </div>
        </div>
      </div>
    </div>
    <div
      class="align-items-center mt-4 row"
    >
      <div
        class="col"
      >
        <b>
          Note: You may be charged a fee when your request for money is completed. Fee may not apply depending on account terms.
           
          <u>
            Review fee details
          </u>
          .
        </b>
      </div>
    </div>
    <div
      class="border-top my-3"
    />
    <div
      class="row"
    >
      <div
        class="text-end col"
      >
        <button
          class="zippy-btn btn btn-primary"
          type="button"
        >
          Send Request
        </button>
      </div>
    </div>
  </div>
</div>
`;
