// Jest Snapshot v1, https://goo.gl/fbAQLP

exports[`AutodepositSettings Component matches the snapshot 1`] = `null`;
