// Jest Snapshot v1, https://goo.gl/fbAQLP

exports[`Business Component matches the snapshot 1`] = `
Array [
  <div
    className="bg-light"
    style={
      Object {
        "backgroundImage": "url(Circle_White-01.jpg)",
        "backgroundSize": "146.5%",
      }
    }
  >
    <div
      className="container"
    >
      <div
        className="row py-5"
      >
        <div
          className="col"
        >
          <div
            className="mb-3"
          >
            <h2
              style={
                Object {
                  "color": "#FF1926",
                }
              }
            >
              business account
            </h2>
            <h1
              className="redtitle hero-heading display-3"
              style={
                Object {
                  "fontSize": "4em",
                  "paddingBottom": "20px",
                }
              }
            >
              Make your money work your way!
            </h1>
            <button
              className="btn rounded-0 my-buttonred"
              onClick={[Function]}
              type="button"
            >
              Sign up for a business account
            </button>
          </div>
        </div>
      </div>
    </div>
    <div>
      <div
        className="container"
      >
        <div
          className="row align-items-center py-4"
        >
          <div
            className="col-12 col-md-3"
          >
            <img
              alt="an illustration of a woman holding dollar signs"
              className="img-fluid centerimage"
              data-aos="flip-left"
              src="ZippyCash_Icons_K.png"
            />
          </div>
          <div
            className="col-12 col-md-9"
          >
            <p
              className="m-0 content-home"
            >
              No matter how big or small your business is, everyone is in the global market. That's why you need the best rates and lowest fees for you brand. Zippy Cash gives you the best rates available every time and takes the complexity out of international commerce. Our fees can't be beat.
            </p>
          </div>
        </div>
      </div>
    </div>
    <div
      className="bg-light"
      id="bluegradient"
    >
      <div
        className="container"
      >
        <div
          className="row align-items-center py-4  flex-md-row-reverse"
        >
          <div
            className="col-12 col-md-3 text-end position-relative"
            data-aos="flip-left"
          >
            <img
              alt="illustrated of young people all touching a large light bulb"
              className="img-fluid position-absolute top-0 start-50 translate-middle "
              src="ZippyCash_Icons_L.png"
            />
          </div>
          <div
            className="col-12 col-md-9 circleoverlap"
          >
            <p
              className="m-0 whitecopy"
            >
              Setting up international bank accounts may sound daunting but with Zippy we deliver everything you need to start managing accounts abroad in minutes. How is it this easy? We have excellent partnerships with international financial brands, tech solutions that serve as an efficient connector, prioritizing ease, speed and security.
            </p>
          </div>
        </div>
      </div>
    </div>
    <div
      style={
        Object {
          "backgroundColor": "#EDF5F5",
        }
      }
    >
      <div
        className="container"
      >
        <div
          className="row align-items-center py-4"
        >
          <div
            className="col-12 col-md-3"
          >
            <img
              alt="illustrated of a young woman jumping in the air"
              className="img-fluid centerimage"
              data-aos="flip-left"
              src="ZippyCash_Icons_M.png"
            />
          </div>
          <div
            className="col-12 col-md-9"
          >
            <p
              className="m-0 content-home"
            >
              Paying invoices, people and employees just got zippier. We always give you the lowest transaction fees and make it easy (dare we say even fun?) to manage your payments.
              <br />
              Find out more here.
            </p>
          </div>
        </div>
      </div>
    </div>
  </div>,
  <div
    style={
      Object {
        "backgroundColor": "white",
      }
    }
  >
    <div
      className="container"
    >
      <div
        className="row pt-5 pb-4"
      >
        <div
          className="col"
        >
          <div
            className="mb-3"
          >
            <h1
              className="redtitle hero-heading display-3"
              style={
                Object {
                  "fontSize": "4em",
                }
              }
            >
              How can Zippy help my business?
            </h1>
          </div>
        </div>
      </div>
      <div
        className="row"
      >
        <div
          className="col-12 col-md-5 col-lg-4"
        >
          <h4
            className="redtitle"
          >
            Integrate Payment Systems
          </h4>
          <p
            className="content-home"
          >
            With Zippy, you can put everything in one place for easier accounting and financial management.
          </p>
          <br />
          <h4
            className="redtitle"
          >
            Send and Accept Money
          </h4>
          <p
            className="content-home"
          >
            Paying cross border is easier, cheaper and faster with Zippy. With or without a bank account, you can pay vendors and charge customers.
          </p>
          <br />
          <h4
            className="redtitle"
          >
            Make Payments a Revenue Stream
          </h4>
          <p
            className="content-home"
          >
            We offer consumers a 99 cent instant payout of points, or they can wait to get them for free. When consumers choose the faster payout when making a payment at your business, your business get a little bit back. That means payments won't cost you and can become a passive revenue stream.
          </p>
          <br />
          <h1
            className="redtitle mb-5"
          >
            Sign up free!
          </h1>
        </div>
        <div
          className="col-12 col-md-7 col-lg-8 backgroundimage"
          style={
            Object {
              "backgroundImage": "url(help_my_bus_hero.jpg)",
              "backgroundSize": "cover",
            }
          }
        />
      </div>
    </div>
  </div>,
  <main
    style={
      Object {
        "backgroundColor": "#51aad8",
      }
    }
  >
    <div
      className="container"
    >
      <div
        className="row"
      >
        <div
          className="col-12 col-md-6 col-lg-3"
        >
          <div
            className="position-relative top-0"
            data-aos="flip-left"
            data-aos-delay="0"
          >
            <img
              alt=""
              className="img-fluid centerimage bluecircle"
              src="bluecircle.png"
            />
            <img
              alt=""
              className="position-absolute top-0 start-50 numbercicle"
              src="numbercircle_1.png"
            />
            <div
              className="position-absolute halfcirclecopy"
            >
              <h5
                className="whitetitle text-center"
              >
                <a
                  className="whitetitle"
                  href="business-signup.html"
                >
                  Sign up
                  <br />
                  here
                </a>
              </h5>
            </div>
          </div>
        </div>
        <div
          className="col-12 col-md-6 col-lg-3"
        >
          <div
            className="position-relative top-0"
            data-aos="flip-left"
            data-aos-delay="200"
          >
            <img
              alt=""
              className="img-fluid centerimage bluecircle"
              src="bluecircle.png"
            />
            <img
              alt=""
              className="position-absolute top-0 start-50 numbercicle"
              src="numbercircle_2.png"
            />
            <div
              className="position-absolute halfcirclecopy"
            >
              <h5
                className="whitetitle text-center"
              >
                We will send you a
                <br />
                 link via text or email
              </h5>
              <p
                className="whitecopy text-center"
              >
                (you choose which
                <br />
                 works for you)
              </p>
            </div>
          </div>
        </div>
        <div
          className="col-12 col-md-6 col-lg-3"
        >
          <div
            className="position-relative top-0"
            data-aos="flip-left"
            data-aos-delay="400"
          >
            <img
              alt=""
              className="img-fluid centerimage bluecircle"
              src="bluecircle.png"
            />
            <img
              alt=""
              className="position-absolute top-0 start-50 numbercicle"
              src="numbercircle_3.png"
            />
            <div
              className="position-absolute halfcirclecopy"
            >
              <h5
                className="whitetitle text-center"
              >
                Click the link to
                <br />
                 download the app
              </h5>
              <p
                className="whitecopy text-center"
              >
                Zippy is available on over
                <br />
                 400 smart devices
              </p>
            </div>
          </div>
        </div>
        <div
          className="col-12 col-md-6 col-lg-3"
        >
          <div
            className="position-relative top-0"
            data-aos="flip-left"
            data-aos-delay="600"
          >
            <img
              alt=""
              className="img-fluid centerimage bluecircle"
              src="bluecircle.png"
            />
            <img
              alt=""
              className="position-absolute top-0 start-50 numbercicle"
              src="numbercircle_4.png"
            />
            <div
              className="position-absolute halfcirclecopy"
            >
              <h5
                className="whitetitle text-center"
              >
                Open the app
                <br />
                 and start 
                <br />
                 Zipping!
              </h5>
            </div>
          </div>
        </div>
      </div>
    </div>
  </main>,
  <div
    className="footer-content-wrapper"
  >
    <div
      className="quick-links container"
    >
      <div
        className="row"
      >
        <h3
          className="col-sm-12"
        >
          Quick Links
        </h3>
      </div>
      <div
        className="row"
      >
        <div
          className="col-sm-2"
        >
          <ul>
            <li>
              <a
                className="text-decoration-none"
                href="/"
                onClick={[Function]}
              >
                Home
              </a>
            </li>
            <li>
              Please Review Our Legal Stuff by visiting our
               
              <a
                className="text-decoration-none"
                href="/legal"
                onClick={[Function]}
              >
                Privacy Policy | TOU | EULA | CardHolder T&C Pages
              </a>
            </li>
          </ul>
        </div>
        <div
          className="col-sm-2"
        >
          8465 W Sahara Ave. Las Vegas, NEVADA
          <ul>
            <li>
              <a
                href="tel:+17026231876"
              >
                1.702.623.1876
              </a>
            </li>
            <li>
              <a
                href="mailto:contact@zippy.cash"
              >
                contact@zippy.cash
              </a>
            </li>
          </ul>
        </div>
      </div>
    </div>
    <div
      className="container"
    >
      <div
        className="row"
      >
        <div
          className="col-md-12 col-sm-12 col-xs-12 text-left"
        >
          © 2021 Zippy Cash LLC  All rights reserved.
          <br />
          <br />
          The Program Manager for the Zippy Cash® Prepaid Visa Debit Card is PayQuicker, LLC
          <br />
          Zippy Cash® is a registered trademark of Zippy Cash, LLC
          <br />
          The Zippy Cash Prepaid Visa Debit Card is issued by Metropolitan Commercial Bank (Member FDIC) pursuant to a license from Visa U.S.A. Inc. “Metropolitan Commercial Bank” and “Metropolitan” are registered trademarks of Metropolitan Commercial Bank ©2014. BY USING THIS CARD YOU AGREE TO THE TERMS AND CONDITIONS OF THE CARDHOLDER AGREEMENT AND FEE SCHEDULE, IF ANY. All trademarks and service marks are the property of their respective owners.
          <br />
          In compliance with the USA PATRIOT Act* and other laws, anyone who is a US resident over 18 with a valid Social Security number and a verifiable physical US address (no PO boxes or APO addresses) can apply for an Zippy Cash Card. This information must be provided, along with other information pertinent to receiving approval, when applying for a Zippy Cash Card. Currently, we do not issue the Zippy Cash Card to residents of Puerto Rico, Guam, the Virgin Islands, American Samoa, or other US territories.
          <br />
          *Important information for opening a card account: To help the federal government fight the funding of terrorism and money laundering activities, the USA PATRIOT Act requires all financial institutions and their third parties to obtain, verify and record information that identifies each person who opens a card account. What this means for you: When you open a card account, we will ask for your name, address, date of birth, social security number or country identification number, and other information that will allows us to identify you. We may also request a copy of your driver’s license or other documentation bearing your photo as verification of your identity.
          <br />
          Apple and the Apple logo are trademarks of Apple Inc., registered in the U.S. and other countries. App Store is a service mark of Apple Inc. Google Play is a trademark of Google Inc. Data rates may apply. Samsung Pay is a trademark of Samsung Inc.
        </div>
      </div>
    </div>
    <footer
      className="container mb-3"
    >
      <div
        className="d-none d-md-block"
      >
        <div
          className="d-flex justify-content-between border-bottom"
        />
        <div
          className="d-flex justify-content-between border-top"
        >
          <div
            className=""
          >
            <div
              className="footer-link mt-1"
            >
              <a
                className="text-decoration-none"
                href="/personal-profile"
              >
                dev docs
              </a>
            </div>
            <div
              className="footer-link mt-1"
            >
              <a
                className="text-decoration-none"
                href="/"
                onClick={[Function]}
              >
                Lore
              </a>
            </div>
            <div
              className="footer-link mt-1"
            >
              <a
                className="text-decoration-none"
                href="/"
                onClick={[Function]}
              >
                Ipsum
              </a>
            </div>
            <div
              className="footer-link mt-1"
            >
              <a
                className="text-decoration-none"
                href="/"
                onClick={[Function]}
              >
                Nullam Atoidio
              </a>
            </div>
          </div>
          <div
            className="copyright mt-1"
          >
            <span>
              © 2021 Lorem ipsum dolor sit amet, consectetuer
            </span>
          </div>
        </div>
      </div>
      <div
        className="d-block d-md-none"
      >
        <div
          className="d-flex border-bottom"
        >
          <div
            className="d-flex flex-column me-2"
          >
            <div
              className="footer-link mt-1"
            >
              <a
                className="text-decoration-none"
                href="/personal-profile"
              >
                dev docs
              </a>
            </div>
            <div
              className="footer-link mb-1"
            >
              <a
                className="text-decoration-none"
                href="/"
                onClick={[Function]}
              >
                Lore
              </a>
            </div>
            <div
              className="footer-link mb-1"
            >
              <a
                className="text-decoration-none"
                href="/"
                onClick={[Function]}
              >
                Ipsum
              </a>
            </div>
            <div
              className="footer-link mb-1"
            >
              <a
                className="text-decoration-none"
                href="/"
                onClick={[Function]}
              >
                Nullam Atoidio
              </a>
            </div>
          </div>
        </div>
        <div
          className="d-flex justify-content-end border-top"
        >
          <div
            className="copyright mt-2 text-end small"
          >
            <span>
              © 2021 Lorem ipsum dolor sit amet, consectetuer
            </span>
          </div>
        </div>
      </div>
    </footer>
  </div>,
]
`;
